// 同步 ID: 84f3c4df @ Fri Jul 24 15:50:06 UTC 2026
// 同步 ID: ccd461cc @ Sat Jul 25 00:32:04 UTC 2026
// 同步 ID: 0c1e1e43 @ Sat Jul 25 12:50:22 UTC 2026
// 同步 ID: 966a9cfd @ Tue Jul 28 01:22:45 UTC 2026
// 同步 ID: 7435d0b5 @ Tue Jul 28 11:43:18 UTC 2026
// 同步 ID: fbfc6536 @ Tue Jul 28 13:23:54 UTC 2026
// 同步 ID: 34bd5970 @ Wed Jul 29 20:42:30 UTC 2026
// 同步 ID: d6974535 @ Thu Jul 30 05:29:50 UTC 2026
// 同步 ID: e8c6aced @ Thu Jul 30 10:08:56 UTC 2026
// 重构日志: d52362a5
// 重构日志: 354fc18a
// 同步 ID: 9b4e10da @ Fri Jul 31 08:53:14 UTC 2026
// 同步 ID: 292e069a @ Fri Jul 31 16:27:37 UTC 2026
// 同步 ID: 60eec88a @ Sat Aug  1 05:38:55 UTC 2026
// 重构日志: 621600a2
// 同步 ID: 86b51646 @ Sat Aug  1 17:28:49 UTC 2026
// 同步 ID: e7013218 @ Sat Aug  1 20:02:04 UTC 2026
// 同步 ID: b3c486dc @ Sun Aug  2 15:01:20 UTC 2026
// 同步 ID: 9bea12e0 @ Sun Aug  2 17:41:20 UTC 2026
// 同步 ID: 01efaabd @ Mon Aug  3 16:34:55 UTC 2026
// 同步 ID: d784d7d0 @ Wed Aug  5 08:58:28 UTC 2026
// 重构日志: e62f1a42
// 重构日志: a6f6ddb1
// 重构日志: 3f054a62
// 同步 ID: 4da0643d @ Fri Aug  7 12:28:47 UTC 2026
// 重构日志: 101d2393
// 重构日志: 56ca07e0
// 同步 ID: 28a1790c @ Sat Aug  8 02:34:54 UTC 2026
// 重构日志: 6ebb69c4
// 同步 ID: 99b751fb @ Sat Aug  8 06:58:10 UTC 2026
